{
    "alpha": {
        "alpha": "theta"
    },
    "beta": {
        "beta": "gamma"
    }
}
